[exact-strengthening-958016.framer.app/index.html]
[backblue.gif]
[fade.gif]
[index.html]
[framerusercontent.com/images/CFzE97C3SMhufhqGZ7MAzEZD3g.png]
[framerusercontent.com/images/blaxrSoucBHP4I1JAJy5rECBKsc.png]
[exact-strengthening-958016.framer.app/portfolio-dark-contact.html]
[exact-strengthening-958016.framer.app/portfolio-dark-work-single/lightric-motors.html]
[framerusercontent.com/images/z53CGL4CGbDZZ5qmdQ3RSKtPkzc.png]
[exact-strengthening-958016.framer.app/portfolio-dark-work-single/positive-energy.html]
[framerusercontent.com/images/dBldCtpBdIpwvn5ZH5HL0JndujU.jpg]
[exact-strengthening-958016.framer.app/portfolio-dark-work-single/xiong-wall.html]
[framerusercontent.com/images/5HIfFsJJQU7KNYJYUJmJZHcbM.png]
[exact-strengthening-958016.framer.app/portfolio-dark-work-single/hideaway.html]
[framerusercontent.com/images/3gVniiKN1aFDSOA7cjdOsYJkFcY.png]
[exact-strengthening-958016.framer.app/portfolio-dark-work-single/califfo.html]
[framerusercontent.com/images/z4ht6aUcgsC4KoUuPLMR9w74D7k.png]
[exact-strengthening-958016.framer.app/portfolio-dark-work-single/louis-martin.html]
[framerusercontent.com/images/cHaxuX6NCvnQQ70tBAO9ygo.png]
[framerusercontent.com/images/42NzX0eoGWPgR8qQlHoYQamocTo.png]
[framerusercontent.com/images/qDUMiDuI5ao4dPjdKcx8B6eoBds.png]
[framerusercontent.com/images/yOj3ksVRxiMxzQEOt9gmDH7qiM.jpg]
[framerusercontent.com/images/8IwIgcK4xKufK1r1bGdf5fwrWek.png]
[framerusercontent.com/images/TZGKAHVLPTSUJdTkEUZl8tby7i8.png]
[framerusercontent.com/images/QYmq308u4qG3O15gu4OOjuYYbyo.png]
[framerusercontent.com/images/i1qzooaRY2pVklHY3jsL2Nblx0.png]
[framerusercontent.com/images/xL1pxFKEk9o28sWV9ZwImwQ9A.png]
[framerusercontent.com/images/UpYDa6jt6hTaXYT9s7JxSVAdEIM.png]
[framerusercontent.com/images/mvHLmg0xTa9yaaLJDYLRCbbsPFE.png]
[framerusercontent.com/images/YHldWOe8qlJaqM5a7SYHtcXpIHw.png]
[framerusercontent.com/images/1cK1mwpYlMOpUh9NS6hpCbrlsU.png]
[framerusercontent.com/images/8r7A8qe0InZ0KZQYIdrJNZiwrk.png]
[framerusercontent.com/images/4MSSCXQIwVBedyBgRAGngm5evtg.png]
[framerusercontent.com/images/B4NjbDuRGD0xHSL7bZquNpcgcNQ.png]
[framerusercontent.com/images/8hprFtgh5o8e3svjpCJfmvdaI.png]
[framerusercontent.com/images/FJ9HyVNTQWIAmwsELGAWkfAdN5o.png]
[framerusercontent.com/images/ljrMRvPplh3phQPlt7fbs2pX0Cc.png]
[framerusercontent.com/images/wqAuM62aRIoFwPiBpTqSkGeS2GM.png]
[framerusercontent.com/images/SowDHTlcBrX6IqwrDYINkUHMpxs.png]
[framerusercontent.com/images/pg7C4WQfbdLUr0zJkZfPhaXeg.jpg]
[framerusercontent.com/images/rHTma7vnFN95qopGYUzcK6MxVX0.png]
[exact-strengthening-958016.framer.app/index.html]
[framerusercontent.com/images/sJhNSWwsa90to1zFyX6M9eXmA.png]
[exact-strengthening-958016.framer.app/portfolio-dark-contact.html]
[framerusercontent.com/images/OfUNCnw1ClR5EvdX5T4IAgKWIvU.png]
[exact-strengthening-958016.framer.app/portfolio-dark-work-single/lightric-motors.html]
[framerusercontent.com/images/S787Ri89faZhdcz3NPP8RkDC198.jpg]
[framerusercontent.com/images/BgKFsc14MxAXw9v4N6P3mGsAr0.png]
[framerusercontent.com/images/loPuZLTe7wMA4bZ42uJI4ilO408.jpg]
[framerusercontent.com/images/FpyQ5xpcoa4JTKWq8nwY5MTOw6c.jpg]
[exact-strengthening-958016.framer.app/portfolio-dark-work-single/positive-energy.html]
[exact-strengthening-958016.framer.app/portfolio-dark-work-single/xiong-wall.html]
[framerusercontent.com/images/uuHv5NRcJFsjkoFY8BkCz1OvVM.png]
[exact-strengthening-958016.framer.app/portfolio-dark-work-single/hideaway.html]
[framerusercontent.com/images/Ua0SZ0cWskTaRCOid6c7wAK8I.jpg]
[framerusercontent.com/images/pUce2qPYJMfAcgiiwCidOjYS5tg.jpg]
[framerusercontent.com/images/SkVswrWYK9zfsVEo7kSbxpfI.jpg]
[framerusercontent.com/images/zSnbkVJuoh39yLZprUyGEVBboZY.jpg]
[exact-strengthening-958016.framer.app/portfolio-dark-work-single/califfo.html]
[exact-strengthening-958016.framer.app/portfolio-dark-work-single/louis-martin.html]
